01 after frames 150 T 23.0 368 ms/frame
01 after frames 300 T 28.0 376 ms/frame
01 after frames 450 T 33.0 378 ms/frame
01 after frames 600 T 38.0 366 ms/frame
01 after frames 750 T 43.0 364 ms/frame
01 after frames 900 T 48.0 364 ms/frame
{"scene":"01","name":"Rebel frigate screen","label":"after","clip":[18,48],"frames":900,"seconds":30,"msPerFrame":371,"errors":[]}
[1/31] 01 ok 343 s
02-00 after frames 150 T 19.0 399 ms/frame
02-00 after frames 300 T 24.0 422 ms/frame
{"scene":"02-00","name":"Gunboat screen: Yard","label":"after","clip":[14,26],"frames":360,"seconds":12,"msPerFrame":446,"errors":[]}
[2/31] 02-00 ok 173 s
02-01 after frames 150 T 19.0 503 ms/frame
02-01 after frames 300 T 24.0 520 ms/frame
{"scene":"02-01","name":"Gunboat screen: Shoal","label":"after","clip":[14,26],"frames":360,"seconds":12,"msPerFrame":526,"errors":[]}
[3/31] 02-01 ok 198 s
02-02 after frames 150 T 19.0 308 ms/frame
02-02 after frames 300 T 24.0 352 ms/frame
{"scene":"02-02","name":"Gunboat screen: Lattice","label":"after","clip":[14,26],"frames":360,"seconds":12,"msPerFrame":369,"errors":[]}
[4/31] 02-02 ok 141 s
02-03 after frames 150 T 19.0 324 ms/frame
02-03 after frames 300 T 24.0 366 ms/frame
{"scene":"02-03","name":"Gunboat screen: Drift","label":"after","clip":[14,26],"frames":360,"seconds":12,"msPerFrame":393,"errors":[]}
[5/31] 02-03 ok 149 s
02-04 after frames 150 T 19.0 293 ms/frame
02-04 after frames 300 T 24.0 345 ms/frame
{"scene":"02-04","name":"Gunboat screen: Choir","label":"after","clip":[14,26],"frames":360,"seconds":12,"msPerFrame":378,"errors":[]}
[6/31] 02-04 ok 145 s
02-05 after frames 150 T 19.0 354 ms/frame
02-05 after frames 300 T 24.0 377 ms/frame
{"scene":"02-05","name":"Gunboat screen: Empire","label":"after","clip":[14,26],"frames":360,"seconds":12,"msPerFrame":398,"errors":[]}
[7/31] 02-05 ok 152 s
02-06 after frames 150 T 19.0 393 ms/frame
02-06 after frames 300 T 24.0 409 ms/frame
{"scene":"02-06","name":"Gunboat screen: Rebels","label":"after","clip":[14,26],"frames":360,"seconds":12,"msPerFrame":437,"errors":[]}
[8/31] 02-06 ok 167 s
02-07 after frames 150 T 19.0 347 ms/frame
02-07 after frames 300 T 24.0 374 ms/frame
{"scene":"02-07","name":"Gunboat screen: Minbari","label":"after","clip":[14,26],"frames":360,"seconds":12,"msPerFrame":400,"errors":[]}
[9/31] 02-07 ok 153 s
02-09 after frames 150 T 19.0 407 ms/frame
02-09 after frames 300 T 24.0 426 ms/frame
{"scene":"02-09","name":"Gunboat screen: EarthForce","label":"after","clip":[14,26],"frames":360,"seconds":12,"msPerFrame":456,"errors":[]}
[10/31] 02-09 ok 173 s
02-10 after frames 150 T 19.0 278 ms/frame
02-10 after frames 300 T 24.0 304 ms/frame
{"scene":"02-10","name":"Gunboat screen: Federation","label":"after","clip":[14,26],"frames":360,"seconds":12,"msPerFrame":328,"errors":[]}
[11/31] 02-10 ok 126 s
02-11 after frames 150 T 19.0 308 ms/frame
02-11 after frames 300 T 24.0 355 ms/frame
{"scene":"02-11","name":"Gunboat screen: Klingons","label":"after","clip":[14,26],"frames":360,"seconds":12,"msPerFrame":375,"errors":[]}
[12/31] 02-11 ok 144 s
02-12 after frames 150 T 19.0 383 ms/frame
02-12 after frames 300 T 24.0 405 ms/frame
{"scene":"02-12","name":"Gunboat screen: Borg","label":"after","clip":[14,26],"frames":360,"seconds":12,"msPerFrame":418,"errors":[]}
[13/31] 02-12 ok 160 s
02-13 after frames 150 T 19.0 356 ms/frame
02-13 after frames 300 T 24.0 382 ms/frame
{"scene":"02-13","name":"Gunboat screen: Mondoshawan","label":"after","clip":[14,26],"frames":360,"seconds":12,"msPerFrame":392,"errors":[]}
[14/31] 02-13 ok 148 s
02-14 after frames 150 T 19.0 322 ms/frame
02-14 after frames 300 T 24.0 339 ms/frame
{"scene":"02-14","name":"Gunboat screen: USCM","label":"after","clip":[14,26],"frames":360,"seconds":12,"msPerFrame":365,"errors":[]}
[15/31] 02-14 ok 140 s
02-15 after frames 150 T 19.0 573 ms/frame
02-15 after frames 300 T 24.0 541 ms/frame
{"scene":"02-15","name":"Gunboat screen: Engineers","label":"after","clip":[14,26],"frames":360,"seconds":12,"msPerFrame":559,"errors":[]}
[16/31] 02-15 ok 211 s
02-16 after frames 150 T 19.0 342 ms/frame
02-16 after frames 300 T 24.0 368 ms/frame
{"scene":"02-16","name":"Gunboat screen: Yautja","label":"after","clip":[14,26],"frames":360,"seconds":12,"msPerFrame":394,"errors":[]}
[17/31] 02-16 ok 151 s
02-17 after frames 150 T 19.0 287 ms/frame
02-17 after frames 300 T 24.0 308 ms/frame
{"scene":"02-17","name":"Gunboat screen: First Ones","label":"after","clip":[14,26],"frames":360,"seconds":12,"msPerFrame":315,"errors":[]}
[18/31] 02-17 ok 122 s
02-18 after frames 150 T 19.0 369 ms/frame
02-18 after frames 300 T 24.0 384 ms/frame
{"scene":"02-18","name":"Gunboat screen: Romulans","label":"after","clip":[14,26],"frames":360,"seconds":12,"msPerFrame":389,"errors":[]}
[19/31] 02-18 ok 149 s
02-19 after frames 150 T 19.0 391 ms/frame
02-19 after frames 300 T 24.0 406 ms/frame
{"scene":"02-19","name":"Gunboat screen: Dominion","label":"after","clip":[14,26],"frames":360,"seconds":12,"msPerFrame":409,"errors":[]}
[20/31] 02-19 ok 154 s
02-20 after frames 150 T 19.0 368 ms/frame
02-20 after frames 300 T 24.0 393 ms/frame
{"scene":"02-20","name":"Gunboat screen: Space Marines","label":"after","clip":[14,26],"frames":360,"seconds":12,"msPerFrame":402,"errors":[]}
[21/31] 02-20 ok 152 s
02-21 after frames 150 T 19.0 485 ms/frame
02-21 after frames 300 T 24.0 517 ms/frame
{"scene":"02-21","name":"Gunboat screen: Tyranids","label":"after","clip":[14,26],"frames":360,"seconds":12,"msPerFrame":532,"errors":[]}
[22/31] 02-21 ok 200 s
02-22 after frames 150 T 19.0 354 ms/frame
02-22 after frames 300 T 24.0 403 ms/frame
{"scene":"02-22","name":"Gunboat screen: Tesla","label":"after","clip":[14,26],"frames":360,"seconds":12,"msPerFrame":416,"errors":[]}
[23/31] 02-22 ok 157 s
03 after frames 150 T 9.0 385 ms/frame
03 after frames 300 T 14.0 386 ms/frame
03 after frames 450 T 19.0 389 ms/frame
03 after frames 600 T 24.0 400 ms/frame
03 after frames 750 T 29.0 411 ms/frame
03 after frames 900 T 34.0 421 ms/frame
03 after frames 1050 T 39.0 431 ms/frame
03 after frames 1200 T 44.0 439 ms/frame
{"scene":"03","name":"Imperial squadron: form, attack, re-form","label":"after","clip":[4,48],"frames":1320,"seconds":44,"msPerFrame":445,"errors":[]}
[24/31] 03 ok 595 s
04 after frames 150 T 9.0 401 ms/frame
04 after frames 300 T 14.0 413 ms/frame
04 after frames 450 T 19.0 395 ms/frame
04 after frames 600 T 24.0 394 ms/frame
04 after frames 750 T 29.0 397 ms/frame
04 after frames 900 T 34.0 399 ms/frame
04 after frames 1050 T 39.0 409 ms/frame
04 after frames 1200 T 44.0 429 ms/frame
{"scene":"04","name":"Rebel squadron: form, attack, re-form","label":"after","clip":[4,48],"frames":1320,"seconds":44,"msPerFrame":444,"errors":[]}
[25/31] 04 ok 594 s
05 after frames 150 T 9.0 661 ms/frame
05 after frames 300 T 14.0 643 ms/frame
05 after frames 450 T 19.0 596 ms/frame
05 after frames 600 T 24.0 598 ms/frame
05 after frames 750 T 29.0 607 ms/frame
05 after frames 900 T 34.0 616 ms/frame
05 after frames 1050 T 39.0 624 ms/frame
{"scene":"05","name":"Borg cube and escorts closing","label":"after","clip":[4,40],"frames":1080,"seconds":36,"msPerFrame":633,"errors":[]}
[26/31] 05 ok 691 s
06 after frames 150 T 17.0 415 ms/frame
06 after frames 300 T 22.0 445 ms/frame
06 after frames 450 T 27.0 430 ms/frame
06 after frames 600 T 32.0 432 ms/frame
06 after frames 750 T 37.0 438 ms/frame
06 after frames 900 T 42.0 453 ms/frame
06 after frames 1050 T 47.0 461 ms/frame
06 after frames 1200 T 52.0 466 ms/frame
06 after frames 1350 T 57.0 471 ms/frame
06 after frames 1500 T 62.0 472 ms/frame
06 after frames 1650 T 67.0 466 ms/frame
06 after frames 1800 T 72.0 461 ms/frame
06 after frames 1950 T 77.0 454 ms/frame
06 after frames 2100 T 82.0 448 ms/frame
{"scene":"06","name":"Capital handling: broadside pass, 180 degree turn, stop","label":"after","clip":[12,84],"frames":2160,"seconds":72,"msPerFrame":449,"errors":[]}
[27/31] 06 ok 979 s
07 after frames 150 T 25.0 428 ms/frame
07 after frames 300 T 30.0 469 ms/frame
07 after frames 450 T 35.0 465 ms/frame
07 after frames 600 T 40.0 467 ms/frame
07 after frames 750 T 45.0 470 ms/frame
07 after frames 900 T 50.0 477 ms/frame
{"scene":"07","name":"Dogfight: Empire v Shoal","label":"after","clip":[20,50],"frames":900,"seconds":30,"msPerFrame":486,"errors":[]}
[28/31] 07 ok 447 s
08 after frames 150 T 33.0 254 ms/frame
08 after frames 300 T 38.0 272 ms/frame
08 after frames 450 T 43.0 279 ms/frame
08 after frames 600 T 48.0 274 ms/frame
08 after frames 750 T 53.0 268 ms/frame
08 after frames 900 T 58.0 264 ms/frame
{"scene":"08","name":"A rout and a rally","label":"after","clip":[28,62],"frames":1020,"seconds":34,"msPerFrame":279,"errors":[]}
[29/31] 08 ok 292 s
09 after frames 150 T 27.0 484 ms/frame
09 after frames 300 T 32.0 524 ms/frame
09 after frames 450 T 37.0 544 ms/frame
09 after frames 600 T 42.0 547 ms/frame
09 after frames 750 T 47.0 542 ms/frame
09 after frames 900 T 52.0 537 ms/frame
{"scene":"09","name":"A holding line breaks under First One fire","label":"after","clip":[22,54],"frames":960,"seconds":32,"msPerFrame":536,"errors":[]}
[30/31] 09 ok 523 s
10 after frames 150 T 5.0 616 ms/frame
10 after frames 300 T 10.0 696 ms/frame
10 after frames 450 T 15.0 600 ms/frame
10 after frames 600 T 20.0 558 ms/frame
10 after frames 750 T 25.0 536 ms/frame
10 after frames 900 T 30.0 517 ms/frame
10 after frames 1050 T 35.0 531 ms/frame
10 after frames 1200 T 40.0 545 ms/frame
10 after frames 1350 T 45.0 554 ms/frame
10 after frames 1500 T 50.0 540 ms/frame
10 after frames 1650 T 55.0 533 ms/frame
10 after frames 1800 T 60.0 570 ms/frame
10 after frames 1950 T 65.0 612 ms/frame
10 after frames 2100 T 70.0 644 ms/frame
10 after frames 2250 T 75.0 663 ms/frame
10 after frames 2400 T 80.0 645 ms/frame
10 after frames 2550 T 85.0 622 ms/frame
10 after frames 2700 T 90.0 612 ms/frame
{"scene":"10","name":"A full war, Broadcast, 600 a side","label":"after","clip":[0,90],"frames":2700,"seconds":90,"msPerFrame":614,"errors":[]}
[31/31] 10 ok 1676 s
